Archive member included because of file (symbol)

/usr/local/Cellar/pebble-sdk/3.2.1/Pebble/aplite/lib/libpebble.a(tmp5yxpeipebble.o)
                              src/pstock_watchface.c.46.o (app_event_loop)

Discarded input sections

 .text          0x0000000000000000        0x0 /usr/local/Cellar/pebble-toolchain/2.0/arm-cs-tools/bin/../lib/gcc/arm-none-eabi/4.7.2/thumb2/crti.o
 .bss           0x0000000000000000        0x0 /usr/local/Cellar/pebble-toolchain/2.0/arm-cs-tools/bin/../lib/gcc/arm-none-eabi/4.7.2/thumb2/crti.o
 .init          0x0000000000000000        0x4 /usr/local/Cellar/pebble-toolchain/2.0/arm-cs-tools/bin/../lib/gcc/arm-none-eabi/4.7.2/thumb2/crti.o
 .fini          0x0000000000000000        0x4 /usr/local/Cellar/pebble-toolchain/2.0/arm-cs-tools/bin/../lib/gcc/arm-none-eabi/4.7.2/thumb2/crti.o
 .text          0x0000000000000000       0xc8 /usr/local/Cellar/pebble-toolchain/2.0/arm-cs-tools/bin/../lib/gcc/arm-none-eabi/4.7.2/thumb2/crtbegin.o
 .bss           0x0000000000000000       0x1c /usr/local/Cellar/pebble-toolchain/2.0/arm-cs-tools/bin/../lib/gcc/arm-none-eabi/4.7.2/thumb2/crtbegin.o
 .init_array    0x0000000000000000        0x4 /usr/local/Cellar/pebble-toolchain/2.0/arm-cs-tools/bin/../lib/gcc/arm-none-eabi/4.7.2/thumb2/crtbegin.o
 .fini_array    0x0000000000000000        0x4 /usr/local/Cellar/pebble-toolchain/2.0/arm-cs-tools/bin/../lib/gcc/arm-none-eabi/4.7.2/thumb2/crtbegin.o
 .eh_frame      0x0000000000000000        0x0 /usr/local/Cellar/pebble-toolchain/2.0/arm-cs-tools/bin/../lib/gcc/arm-none-eabi/4.7.2/thumb2/crtbegin.o
 .jcr           0x0000000000000000        0x0 /usr/local/Cellar/pebble-toolchain/2.0/arm-cs-tools/bin/../lib/gcc/arm-none-eabi/4.7.2/thumb2/crtbegin.o
 .tm_clone_table
                0x0000000000000000        0x0 /usr/local/Cellar/pebble-toolchain/2.0/arm-cs-tools/bin/../lib/gcc/arm-none-eabi/4.7.2/thumb2/crtbegin.o
 .text          0x0000000000000000        0x0 src/pstock_watchface.c.46.o
 .bss           0x0000000000000000        0x0 src/pstock_watchface.c.46.o
 .text          0x0000000000000000        0x0 aplite/appinfo.auto.c.46.o
 .bss           0x0000000000000000        0x0 aplite/appinfo.auto.c.46.o
 .bss           0x0000000000000000        0x0 /usr/local/Cellar/pebble-sdk/3.2.1/Pebble/aplite/lib/libpebble.a(tmp5yxpeipebble.o)
 .text.accel_data_service_subscribe__deprecated
                0x0000000000000000        0xc /usr/local/Cellar/pebble-sdk/3.2.1/Pebble/aplite/lib/libpebble.a(tmp5yxpeipebble.o)
 .text.accel_data_service_unsubscribe
                0x0000000000000000        0xc /usr/local/Cellar/pebble-sdk/3.2.1/Pebble/aplite/lib/libpebble.a(tmp5yxpeipebble.o)
 .text.accel_service_peek
                0x0000000000000000        0xc /usr/local/Cellar/pebble-sdk/3.2.1/Pebble/aplite/lib/libpebble.a(tmp5yxpeipebble.o)
 .text.accel_service_set_samples_per_update
                0x0000000000000000        0xc /usr/local/Cellar/pebble-sdk/3.2.1/Pebble/aplite/lib/libpebble.a(tmp5yxpeipebble.o)
 .text.accel_service_set_sampling_rate
                0x0000000000000000        0xc /usr/local/Cellar/pebble-sdk/3.2.1/Pebble/aplite/lib/libpebble.a(tmp5yxpeipebble.o)
 .text.accel_tap_service_subscribe
                0x0000000000000000        0xc /usr/local/Cellar/pebble-sdk/3.2.1/Pebble/aplite/lib/libpebble.a(tmp5yxpeipebble.o)
 .text.accel_tap_service_unsubscribe
                0x0000000000000000        0xc /usr/local/Cellar/pebble-sdk/3.2.1/Pebble/aplite/lib/libpebble.a(tmp5yxpeipebble.o)
 .text.action_bar_layer_add_to_window
                0x0000000000000000        0xc /usr/local/Cellar/pebble-sdk/3.2.1/Pebble/aplite/lib/libpebble.a(tmp5yxpeipebble.o)
 .text.action_bar_layer_clear_icon
                0x0000000000000000        0xc /usr/local/Cellar/pebble-sdk/3.2.1/Pebble/aplite/lib/libpebble.a(tmp5yxpeipebble.o)
 .text.action_bar_layer_create
                0x0000000000000000        0xc /usr/local/Cellar/pebble-sdk/3.2.1/Pebble/aplite/lib/libpebble.a(tmp5yxpeipebble.o)
 .text.action_bar_layer_destroy
                0x0000000000000000        0xc /usr/local/Cellar/pebble-sdk/3.2.1/Pebble/aplite/lib/libpebble.a(tmp5yxpeipebble.o)
 .text.action_bar_layer_get_layer
                0x0000000000000000        0xc /usr/local/Cellar/pebble-sdk/3.2.1/Pebble/aplite/lib/libpebble.a(tmp5yxpeipebble.o)
 .text.action_bar_layer_remove_from_window
                0x0000000000000000        0xc /usr/local/Cellar/pebble-sdk/3.2.1/Pebble/aplite/lib/libpebble.a(tmp5yxpeipebble.o)
 .text.action_bar_layer_set_background_color
                0x0000000000000000        0xc /usr/local/Cellar/pebble-sdk/3.2.1/Pebble/aplite/lib/libpebble.a(tmp5yxpeipebble.o)
 .text.action_bar_layer_set_click_config_provider
                0x0000000000000000        0xc /usr/local/Cellar/pebble-sdk/3.2.1/Pebble/aplite/lib/libpebble.a(tmp5yxpeipebble.o)
 .text.action_bar_layer_set_context
                0x0000000000000000        0xc /usr/local/Cellar/pebble-sdk/3.2.1/Pebble/aplite/lib/libpebble.a(tmp5yxpeipebble.o)
 .text.action_bar_layer_set_icon
                0x0000000000000000        0xc /usr/local/Cellar/pebble-sdk/3.2.1/Pebble/aplite/lib/libpebble.a(tmp5yxpeipebble.o)
 .text.animation_create
                0x0000000000000000        0xc /usr/local/Cellar/pebble-sdk/3.2.1/Pebble/aplite/lib/libpebble.a(tmp5yxpeipebble.o)
 .text.animation_destroy
                0x0000000000000000        0xc /usr/local/Cellar/pebble-sdk/3.2.1/Pebble/aplite/lib/libpebble.a(tmp5yxpeipebble.o)
 .text.animation_get_context
                0x0000000000000000        0xc /usr/local/Cellar/pebble-sdk/3.2.1/Pebble/aplite/lib/libpebble.a(tmp5yxpeipebble.o)
 .text.animation_is_scheduled
                0x0000000000000000        0xc /usr/local/Cellar/pebble-sdk/3.2.1/Pebble/aplite/lib/libpebble.a(tmp5yxpeipebble.o)
 .text.animation_schedule
                0x0000000000000000        0xc /usr/local/Cellar/pebble-sdk/3.2.1/Pebble/aplite/lib/libpebble.a(tmp5yxpeipebble.o)
 .text.animation_set_curve
                0x0000000000000000        0xc /usr/local/Cellar/pebble-sdk/3.2.1/Pebble/aplite/lib/libpebble.a(tmp5yxpeipebble.o)
 .text.animation_set_delay
                0x0000000000000000        0xc /usr/local/Cellar/pebble-sdk/3.2.1/Pebble/aplite/lib/libpebble.a(tmp5yxpeipebble.o)
 .text.animation_set_duration
                0x0000000000000000        0xc /usr/local/Cellar/pebble-sdk/3.2.1/Pebble/aplite/lib/libpebble.a(tmp5yxpeipebble.o)
 .text.animation_set_handlers
                0x0000000000000000        0xc /usr/local/Cellar/pebble-sdk/3.2.1/Pebble/aplite/lib/libpebble.a(tmp5yxpeipebble.o)
 .text.animation_set_implementation
                0x0000000000000000        0xc /usr/local/Cellar/pebble-sdk/3.2.1/Pebble/aplite/lib/libpebble.a(tmp5yxpeipebble.o)
 .text.animation_unschedule
                0x0000000000000000        0xc /usr/local/Cellar/pebble-sdk/3.2.1/Pebble/aplite/lib/libpebble.a(tmp5yxpeipebble.o)
 .text.animation_unschedule_all
                0x0000000000000000        0xc /usr/local/Cellar/pebble-sdk/3.2.1/Pebble/aplite/lib/libpebble.a(tmp5yxpeipebble.o)
 .text.app_comm_get_sniff_interval
                0x0000000000000000        0xc /usr/local/Cellar/pebble-sdk/3.2.1/Pebble/aplite/lib/libpebble.a(tmp5yxpeipebble.o)
 .text.app_comm_set_sniff_interval
                0x0000000000000000        0xc /usr/local/Cellar/pebble-sdk/3.2.1/Pebble/aplite/lib/libpebble.a(tmp5yxpeipebble.o)
 .text.app_log  0x0000000000000000        0xc /usr/local/Cellar/pebble-sdk/3.2.1/Pebble/aplite/lib/libpebble.a(tmp5yxpeipebble.o)
 .text.app_message_deregister_callbacks
                0x0000000000000000        0xc /usr/local/Cellar/pebble-sdk/3.2.1/Pebble/aplite/lib/libpebble.a(tmp5yxpeipebble.o)
 .text.app_sync_deinit
                0x0000000000000000        0xc /usr/local/Cellar/pebble-sdk/3.2.1/Pebble/aplite/lib/libpebble.a(tmp5yxpeipebble.o)
 .text.app_sync_get
                0x0000000000000000        0xc /usr/local/Cellar/pebble-sdk/3.2.1/Pebble/aplite/lib/libpebble.a(tmp5yxpeipebble.o)
 .text.app_sync_init
                0x0000000000000000        0xc /usr/local/Cellar/pebble-sdk/3.2.1/Pebble/aplite/lib/libpebble.a(tmp5yxpeipebble.o)
 .text.app_sync_set
                0x0000000000000000        0xc /usr/local/Cellar/pebble-sdk/3.2.1/Pebble/aplite/lib/libpebble.a(tmp5yxpeipebble.o)
 .text.app_timer_cancel
                0x0000000000000000        0xc /usr/local/Cellar/pebble-sdk/3.2.1/Pebble/aplite/lib/libpebble.a(tmp5yxpeipebble.o)
 .text.app_timer_register
                0x0000000000000000        0xc /usr/local/Cellar/pebble-sdk/3.2.1/Pebble/aplite/lib/libpebble.a(tmp5yxpeipebble.o)
 .text.app_timer_reschedule
                0x0000000000000000        0xc /usr/local/Cellar/pebble-sdk/3.2.1/Pebble/aplite/lib/libpebble.a(tmp5yxpeipebble.o)
 .text.atan2_lookup
                0x0000000000000000        0xc /usr/local/Cellar/pebble-sdk/3.2.1/Pebble/aplite/lib/libpebble.a(tmp5yxpeipebble.o)
 .text.atoi     0x0000000000000000        0xc /usr/local/Cellar/pebble-sdk/3.2.1/Pebble/aplite/lib/libpebble.a(tmp5yxpeipebble.o)
 .text.atol     0x0000000000000000        0xc /usr/local/Cellar/pebble-sdk/3.2.1/Pebble/aplite/lib/libpebble.a(tmp5yxpeipebble.o)
 .text.battery_state_service_peek
                0x0000000000000000        0xc /usr/local/Cellar/pebble-sdk/3.2.1/Pebble/aplite/lib/libpebble.a(tmp5yxpeipebble.o)
 .text.battery_state_service_subscribe
                0x0000000000000000        0xc /usr/local/Cellar/pebble-sdk/3.2.1/Pebble/aplite/lib/libpebble.a(tmp5yxpeipebble.o)
 .text.battery_state_service_unsubscribe
                0x0000000000000000        0xc /usr/local/Cellar/pebble-sdk/3.2.1/Pebble/aplite/lib/libpebble.a(tmp5yxpeipebble.o)
 .text.bitmap_layer_set_alignment
                0x0000000000000000        0xc /usr/local/Cellar/pebble-sdk/3.2.1/Pebble/aplite/lib/libpebble.a(tmp5yxpeipebble.o)
 .text.bitmap_layer_set_compositing_mode
                0x0000000000000000        0xc /usr/local/Cellar/pebble-sdk/3.2.1/Pebble/aplite/lib/libpebble.a(tmp5yxpeipebble.o)
 .text.bluetooth_connection_service_peek
                0x0000000000000000        0xc /usr/local/Cellar/pebble-sdk/3.2.1/Pebble/aplite/lib/libpebble.a(tmp5yxpeipebble.o)
 .text.bluetooth_connection_service_subscribe
                0x0000000000000000        0xc /usr/local/Cellar/pebble-sdk/3.2.1/Pebble/aplite/lib/libpebble.a(tmp5yxpeipebble.o)
 .text.bluetooth_connection_service_unsubscribe
                0x0000000000000000        0xc /usr/local/Cellar/pebble-sdk/3.2.1/Pebble/aplite/lib/libpebble.a(tmp5yxpeipebble.o)
 .text.click_number_of_clicks_counted
                0x0000000000000000        0xc /usr/local/Cellar/pebble-sdk/3.2.1/Pebble/aplite/lib/libpebble.a(tmp5yxpeipebble.o)
 .text.click_recognizer_get_button_id
                0x0000000000000000        0xc /usr/local/Cellar/pebble-sdk/3.2.1/Pebble/aplite/lib/libpebble.a(tmp5yxpeipebble.o)
 .text.clock_copy_time_string
                0x0000000000000000        0xc /usr/local/Cellar/pebble-sdk/3.2.1/Pebble/aplite/lib/libpebble.a(tmp5yxpeipebble.o)
 .text.cos_lookup
                0x0000000000000000        0xc /usr/local/Cellar/pebble-sdk/3.2.1/Pebble/aplite/lib/libpebble.a(tmp5yxpeipebble.o)
 .text.data_logging_create
                0x0000000000000000        0xc /usr/local/Cellar/pebble-sdk/3.2.1/Pebble/aplite/lib/libpebble.a(tmp5yxpeipebble.o)
 .text.data_logging_finish
                0x0000000000000000        0xc /usr/local/Cellar/pebble-sdk/3.2.1/Pebble/aplite/lib/libpebble.a(tmp5yxpeipebble.o)
 .text.data_logging_log
                0x0000000000000000        0xc /usr/local/Cellar/pebble-sdk/3.2.1/Pebble/aplite/lib/libpebble.a(tmp5yxpeipebble.o)
 .text.dict_calc_buffer_size
                0x0000000000000000        0xc /usr/local/Cellar/pebble-sdk/3.2.1/Pebble/aplite/lib/libpebble.a(tmp5yxpeipebble.o)
 .text.dict_calc_buffer_size_from_tuplets
                0x0000000000000000        0xc /usr/local/Cellar/pebble-sdk/3.2.1/Pebble/aplite/lib/libpebble.a(tmp5yxpeipebble.o)
 .text.dict_find
                0x0000000000000000        0xc /usr/local/Cellar/pebble-sdk/3.2.1/Pebble/aplite/lib/libpebble.a(tmp5yxpeipebble.o)
 .text.dict_merge
                0x0000000000000000        0xc /usr/local/Cellar/pebble-sdk/3.2.1/Pebble/aplite/lib/libpebble.a(tmp5yxpeipebble.o)
 .text.dict_read_begin_from_buffer
                0x0000000000000000        0xc /usr/local/Cellar/pebble-sdk/3.2.1/Pebble/aplite/lib/libpebble.a(tmp5yxpeipebble.o)
 .text.dict_serialize_tuplets
                0x0000000000000000        0xc /usr/local/Cellar/pebble-sdk/3.2.1/Pebble/aplite/lib/libpebble.a(tmp5yxpeipebble.o)
 .text.dict_serialize_tuplets_to_buffer__deprecated
                0x0000000000000000        0xc /usr/local/Cellar/pebble-sdk/3.2.1/Pebble/aplite/lib/libpebble.a(tmp5yxpeipebble.o)
 .text.dict_serialize_tuplets_to_buffer_with_iter
                0x0000000000000000        0xc /usr/local/Cellar/pebble-sdk/3.2.1/Pebble/aplite/lib/libpebble.a(tmp5yxpeipebble.o)
 .text.dict_write_begin
                0x0000000000000000        0xc /usr/local/Cellar/pebble-sdk/3.2.1/Pebble/aplite/lib/libpebble.a(tmp5yxpeipebble.o)
 .text.dict_write_cstring
                0x0000000000000000        0xc /usr/local/Cellar/pebble-sdk/3.2.1/Pebble/aplite/lib/libpebble.a(tmp5yxpeipebble.o)
 .text.dict_write_data
                0x0000000000000000        0xc /usr/local/Cellar/pebble-sdk/3.2.1/Pebble/aplite/lib/libpebble.a(tmp5yxpeipebble.o)
 .text.dict_write_end
                0x0000000000000000        0xc /usr/local/Cellar/pebble-sdk/3.2.1/Pebble/aplite/lib/libpebble.a(tmp5yxpeipebble.o)
 .text.dict_write_int
                0x0000000000000000        0xc /usr/local/Cellar/pebble-sdk/3.2.1/Pebble/aplite/lib/libpebble.a(tmp5yxpeipebble.o)
 .text.dict_write_int16
                0x0000000000000000        0xc /usr/local/Cellar/pebble-sdk/3.2.1/Pebble/aplite/lib/libpebble.a(tmp5yxpeipebble.o)
 .text.dict_write_int32
                0x0000000000000000        0xc /usr/local/Cellar/pebble-sdk/3.2.1/Pebble/aplite/lib/libpebble.a(tmp5yxpeipebble.o)
 .text.dict_write_int8
                0x0000000000000000        0xc /usr/local/Cellar/pebble-sdk/3.2.1/Pebble/aplite/lib/libpebble.a(tmp5yxpeipebble.o)
 .text.dict_write_tuplet
                0x0000000000000000        0xc /usr/local/Cellar/pebble-sdk/3.2.1/Pebble/aplite/lib/libpebble.a(tmp5yxpeipebble.o)
 .text.dict_write_uint16
                0x0000000000000000        0xc /usr/local/Cellar/pebble-sdk/3.2.1/Pebble/aplite/lib/libpebble.a(tmp5yxpeipebble.o)
 .text.dict_write_uint32
                0x0000000000000000        0xc /usr/local/Cellar/pebble-sdk/3.2.1/Pebble/aplite/lib/libpebble.a(tmp5yxpeipebble.o)
 .text.fonts_load_custom_font
                0x0000000000000000        0xc /usr/local/Cellar/pebble-sdk/3.2.1/Pebble/aplite/lib/libpebble.a(tmp5yxpeipebble.o)
 .text.fonts_unload_custom_font
                0x0000000000000000        0xc /usr/local/Cellar/pebble-sdk/3.2.1/Pebble/aplite/lib/libpebble.a(tmp5yxpeipebble.o)
 .text.free     0x0000000000000000        0xc /usr/local/Cellar/pebble-sdk/3.2.1/Pebble/aplite/lib/libpebble.a(tmp5yxpeipebble.o)
 .text.gbitmap_create_as_sub_bitmap
                0x0000000000000000        0xc /usr/local/Cellar/pebble-sdk/3.2.1/Pebble/aplite/lib/libpebble.a(tmp5yxpeipebble.o)
 .text.gbitmap_create_with_data
                0x0000000000000000        0xc /usr/local/Cellar/pebble-sdk/3.2.1/Pebble/aplite/lib/libpebble.a(tmp5yxpeipebble.o)
 .text.gmtime   0x0000000000000000        0xc /usr/local/Cellar/pebble-sdk/3.2.1/Pebble/aplite/lib/libpebble.a(tmp5yxpeipebble.o)
 .text.gpath_create
                0x0000000000000000        0xc /usr/local/Cellar/pebble-sdk/3.2.1/Pebble/aplite/lib/libpebble.a(tmp5yxpeipebble.o)
 .text.gpath_destroy
                0x0000000000000000        0xc /usr/local/Cellar/pebble-sdk/3.2.1/Pebble/aplite/lib/libpebble.a(tmp5yxpeipebble.o)
 .text.gpath_draw_filled_legacy
                0x0000000000000000        0xc /usr/local/Cellar/pebble-sdk/3.2.1/Pebble/aplite/lib/libpebble.a(tmp5yxpeipebble.o)
 .text.gpath_draw_outline
                0x0000000000000000        0xc /usr/local/Cellar/pebble-sdk/3.2.1/Pebble/aplite/lib/libpebble.a(tmp5yxpeipebble.o)
 .text.gpath_move_to
                0x0000000000000000        0xc /usr/local/Cellar/pebble-sdk/3.2.1/Pebble/aplite/lib/libpebble.a(tmp5yxpeipebble.o)
 .text.gpath_rotate_to
                0x0000000000000000        0xc /usr/local/Cellar/pebble-sdk/3.2.1/Pebble/aplite/lib/libpebble.a(tmp5yxpeipebble.o)
 .text.gpoint_equal
                0x0000000000000000        0xc /usr/local/Cellar/pebble-sdk/3.2.1/Pebble/aplite/lib/libpebble.a(tmp5yxpeipebble.o)
 .text.graphics_context_set_compositing_mode
                0x0000000000000000        0xc /usr/local/Cellar/pebble-sdk/3.2.1/Pebble/aplite/lib/libpebble.a(tmp5yxpeipebble.o)
 .text.graphics_context_set_fill_color
                0x0000000000000000        0xc /usr/local/Cellar/pebble-sdk/3.2.1/Pebble/aplite/lib/libpebble.a(tmp5yxpeipebble.o)
 .text.graphics_context_set_stroke_color
                0x0000000000000000        0xc /usr/local/Cellar/pebble-sdk/3.2.1/Pebble/aplite/lib/libpebble.a(tmp5yxpeipebble.o)
 .text.graphics_context_set_text_color
                0x0000000000000000        0xc /usr/local/Cellar/pebble-sdk/3.2.1/Pebble/aplite/lib/libpebble.a(tmp5yxpeipebble.o)
 .text.graphics_draw_bitmap_in_rect
                0x0000000000000000        0xc /usr/local/Cellar/pebble-sdk/3.2.1/Pebble/aplite/lib/libpebble.a(tmp5yxpeipebble.o)
 .text.graphics_draw_circle
                0x0000000000000000        0xc /usr/local/Cellar/pebble-sdk/3.2.1/Pebble/aplite/lib/libpebble.a(tmp5yxpeipebble.o)
 .text.graphics_draw_line
                0x0000000000000000        0xc /usr/local/Cellar/pebble-sdk/3.2.1/Pebble/aplite/lib/libpebble.a(tmp5yxpeipebble.o)
 .text.graphics_draw_pixel
                0x0000000000000000        0xc /usr/local/Cellar/pebble-sdk/3.2.1/Pebble/aplite/lib/libpebble.a(tmp5yxpeipebble.o)
 .text.graphics_draw_rect
                0x0000000000000000        0xc /usr/local/Cellar/pebble-sdk/3.2.1/Pebble/aplite/lib/libpebble.a(tmp5yxpeipebble.o)
 .text.graphics_draw_round_rect
                0x0000000000000000        0xc /usr/local/Cellar/pebble-sdk/3.2.1/Pebble/aplite/lib/libpebble.a(tmp5yxpeipebble.o)
 .text.graphics_fill_circle
                0x0000000000000000        0xc /usr/local/Cellar/pebble-sdk/3.2.1/Pebble/aplite/lib/libpebble.a(tmp5yxpeipebble.o)
 .text.graphics_fill_rect
                0x0000000000000000        0xc /usr/local/Cellar/pebble-sdk/3.2.1/Pebble/aplite/lib/libpebble.a(tmp5yxpeipebble.o)
 .text.graphics_text_layout_get_max_used_size
                0x0000000000000000        0xc /usr/local/Cellar/pebble-sdk/3.2.1/Pebble/aplite/lib/libpebble.a(tmp5yxpeipebble.o)
 .text.grect_align
                0x0000000000000000        0xc /usr/local/Cellar/pebble-sdk/3.2.1/Pebble/aplite/lib/libpebble.a(tmp5yxpeipebble.o)
 .text.grect_center_point
                0x0000000000000000        0xc /usr/local/Cellar/pebble-sdk/3.2.1/Pebble/aplite/lib/libpebble.a(tmp5yxpeipebble.o)
 .text.grect_clip
                0x0000000000000000        0xc /usr/local/Cellar/pebble-sdk/3.2.1/Pebble/aplite/lib/libpebble.a(tmp5yxpeipebble.o)
 .text.grect_contains_point
                0x0000000000000000        0xc /usr/local/Cellar/pebble-sdk/3.2.1/Pebble/aplite/lib/libpebble.a(tmp5yxpeipebble.o)
 .text.grect_crop
                0x0000000000000000        0xc /usr/local/Cellar/pebble-sdk/3.2.1/Pebble/aplite/lib/libpebble.a(tmp5yxpeipebble.o)
 .text.grect_equal
                0x0000000000000000        0xc /usr/local/Cellar/pebble-sdk/3.2.1/Pebble/aplite/lib/libpebble.a(tmp5yxpeipebble.o)
 .text.grect_is_empty
                0x0000000000000000        0xc /usr/local/Cellar/pebble-sdk/3.2.1/Pebble/aplite/lib/libpebble.a(tmp5yxpeipebble.o)
 .text.grect_standardize
                0x0000000000000000        0xc /usr/local/Cellar/pebble-sdk/3.2.1/Pebble/aplite/lib/libpebble.a(tmp5yxpeipebble.o)
 .text.gsize_equal
                0x0000000000000000        0xc /usr/local/Cellar/pebble-sdk/3.2.1/Pebble/aplite/lib/libpebble.a(tmp5yxpeipebble.o)
 .text.inverter_layer_create
                0x0000000000000000        0xc /usr/local/Cellar/pebble-sdk/3.2.1/Pebble/aplite/lib/libpebble.a(tmp5yxpeipebble.o)
 .text.inverter_layer_destroy
                0x0000000000000000        0xc /usr/local/Cellar/pebble-sdk/3.2.1/Pebble/aplite/lib/libpebble.a(tmp5yxpeipebble.o)
 .text.inverter_layer_get_layer
                0x0000000000000000        0xc /usr/local/Cellar/pebble-sdk/3.2.1/Pebble/aplite/lib/libpebble.a(tmp5yxpeipebble.o)
 .text.layer_create
                0x0000000000000000        0xc /usr/local/Cellar/pebble-sdk/3.2.1/Pebble/aplite/lib/libpebble.a(tmp5yxpeipebble.o)
 .text.layer_create_with_data
                0x0000000000000000        0xc /usr/local/Cellar/pebble-sdk/3.2.1/Pebble/aplite/lib/libpebble.a(tmp5yxpeipebble.o)
 .text.layer_destroy
                0x0000000000000000        0xc /usr/local/Cellar/pebble-sdk/3.2.1/Pebble/aplite/lib/libpebble.a(tmp5yxpeipebble.o)
 .text.layer_get_bounds
                0x0000000000000000        0xc /usr/local/Cellar/pebble-sdk/3.2.1/Pebble/aplite/lib/libpebble.a(tmp5yxpeipebble.o)
 .text.layer_get_clips
                0x0000000000000000        0xc /usr/local/Cellar/pebble-sdk/3.2.1/Pebble/aplite/lib/libpebble.a(tmp5yxpeipebble.o)
 .text.layer_get_data
                0x0000000000000000        0xc /usr/local/Cellar/pebble-sdk/3.2.1/Pebble/aplite/lib/libpebble.a(tmp5yxpeipebble.o)
 .text.layer_get_frame
                0x0000000000000000        0xc /usr/local/Cellar/pebble-sdk/3.2.1/Pebble/aplite/lib/libpebble.a(tmp5yxpeipebble.o)
 .text.layer_get_hidden
                0x0000000000000000        0xc /usr/local/Cellar/pebble-sdk/3.2.1/Pebble/aplite/lib/libpebble.a(tmp5yxpeipebble.o)
 .text.layer_get_window
                0x0000000000000000        0xc /usr/local/Cellar/pebble-sdk/3.2.1/Pebble/aplite/lib/libpebble.a(tmp5yxpeipebble.o)
 .text.layer_insert_above_sibling
                0x0000000000000000        0xc /usr/local/Cellar/pebble-sdk/3.2.1/Pebble/aplite/lib/libpebble.a(tmp5yxpeipebble.o)
 .text.layer_insert_below_sibling
                0x0000000000000000        0xc /usr/local/Cellar/pebble-sdk/3.2.1/Pebble/aplite/lib/libpebble.a(tmp5yxpeipebble.o)
 .text.layer_mark_dirty
                0x0000000000000000        0xc /usr/local/Cellar/pebble-sdk/3.2.1/Pebble/aplite/lib/libpebble.a(tmp5yxpeipebble.o)
 .text.layer_remove_child_layers
                0x0000000000000000        0xc /usr/local/Cellar/pebble-sdk/3.2.1/Pebble/aplite/lib/libpebble.a(tmp5yxpeipebble.o)
 .text.layer_remove_from_parent
                0x0000000000000000        0xc /usr/local/Cellar/pebble-sdk/3.2.1/Pebble/aplite/lib/libpebble.a(tmp5yxpeipebble.o)
 .text.layer_set_bounds
                0x0000000000000000        0xc /usr/local/Cellar/pebble-sdk/3.2.1/Pebble/aplite/lib/libpebble.a(tmp5yxpeipebble.o)
 .text.layer_set_clips
                0x0000000000000000        0xc /usr/local/Cellar/pebble-sdk/3.2.1/Pebble/aplite/lib/libpebble.a(tmp5yxpeipebble.o)
 .text.layer_set_frame
                0x0000000000000000        0xc /usr/local/Cellar/pebble-sdk/3.2.1/Pebble/aplite/lib/libpebble.a(tmp5yxpeipebble.o)
 .text.layer_set_hidden
                0x0000000000000000        0xc /usr/local/Cellar/pebble-sdk/3.2.1/Pebble/aplite/lib/libpebble.a(tmp5yxpeipebble.o)
 .text.layer_set_update_proc
                0x0000000000000000        0xc /usr/local/Cellar/pebble-sdk/3.2.1/Pebble/aplite/lib/libpebble.a(tmp5yxpeipebble.o)
 .text.light_enable
                0x0000000000000000        0xc /usr/local/Cellar/pebble-sdk/3.2.1/Pebble/aplite/lib/libpebble.a(tmp5yxpeipebble.o)
 .text.light_enable_interaction
                0x0000000000000000        0xc /usr/local/Cellar/pebble-sdk/3.2.1/Pebble/aplite/lib/libpebble.a(tmp5yxpeipebble.o)
 .text.malloc   0x0000000000000000        0xc /usr/local/Cellar/pebble-sdk/3.2.1/Pebble/aplite/lib/libpebble.a(tmp5yxpeipebble.o)
 .text.memcpy   0x0000000000000000        0xc /usr/local/Cellar/pebble-sdk/3.2.1/Pebble/aplite/lib/libpebble.a(tmp5yxpeipebble.o)
 .text.memmove  0x0000000000000000        0xc /usr/local/Cellar/pebble-sdk/3.2.1/Pebble/aplite/lib/libpebble.a(tmp5yxpeipebble.o)
 .text.menu_cell_basic_draw
                0x0000000000000000        0xc /usr/local/Cellar/pebble-sdk/3.2.1/Pebble/aplite/lib/libpebble.a(tmp5yxpeipebble.o)
 .text.menu_cell_basic_header_draw
                0x0000000000000000        0xc /usr/local/Cellar/pebble-sdk/3.2.1/Pebble/aplite/lib/libpebble.a(tmp5yxpeipebble.o)
 .text.menu_cell_title_draw
                0x0000000000000000        0xc /usr/local/Cellar/pebble-sdk/3.2.1/Pebble/aplite/lib/libpebble.a(tmp5yxpeipebble.o)
 .text.menu_index_compare
                0x0000000000000000        0xc /usr/local/Cellar/pebble-sdk/3.2.1/Pebble/aplite/lib/libpebble.a(tmp5yxpeipebble.o)
 .text.menu_layer_create
                0x0000000000000000        0xc /usr/local/Cellar/pebble-sdk/3.2.1/Pebble/aplite/lib/libpebble.a(tmp5yxpeipebble.o)
 .text.menu_layer_destroy
                0x0000000000000000        0xc /usr/local/Cellar/pebble-sdk/3.2.1/Pebble/aplite/lib/libpebble.a(tmp5yxpeipebble.o)
 .text.menu_layer_get_layer
                0x0000000000000000        0xc /usr/local/Cellar/pebble-sdk/3.2.1/Pebble/aplite/lib/libpebble.a(tmp5yxpeipebble.o)
 .text.menu_layer_get_scroll_layer
                0x0000000000000000        0xc /usr/local/Cellar/pebble-sdk/3.2.1/Pebble/aplite/lib/libpebble.a(tmp5yxpeipebble.o)
 .text.menu_layer_get_selected_index
                0x0000000000000000        0xc /usr/local/Cellar/pebble-sdk/3.2.1/Pebble/aplite/lib/libpebble.a(tmp5yxpeipebble.o)
 .text.menu_layer_reload_data
                0x0000000000000000        0xc /usr/local/Cellar/pebble-sdk/3.2.1/Pebble/aplite/lib/libpebble.a(tmp5yxpeipebble.o)
 .text.menu_layer_set_callbacks__deprecated
                0x0000000000000000        0xc /usr/local/Cellar/pebble-sdk/3.2.1/Pebble/aplite/lib/libpebble.a(tmp5yxpeipebble.o)
 .text.menu_layer_set_click_config_onto_window
                0x0000000000000000        0xc /usr/local/Cellar/pebble-sdk/3.2.1/Pebble/aplite/lib/libpebble.a(tmp5yxpeipebble.o)
 .text.menu_layer_set_selected_index
                0x0000000000000000        0xc /usr/local/Cellar/pebble-sdk/3.2.1/Pebble/aplite/lib/libpebble.a(tmp5yxpeipebble.o)
 .text.menu_layer_set_selected_next
                0x0000000000000000        0xc /usr/local/Cellar/pebble-sdk/3.2.1/Pebble/aplite/lib/libpebble.a(tmp5yxpeipebble.o)
 .text.number_window_create
                0x0000000000000000        0xc /usr/local/Cellar/pebble-sdk/3.2.1/Pebble/aplite/lib/libpebble.a(tmp5yxpeipebble.o)
 .text.number_window_destroy
                0x0000000000000000        0xc /usr/local/Cellar/pebble-sdk/3.2.1/Pebble/aplite/lib/libpebble.a(tmp5yxpeipebble.o)
 .text.number_window_get_value
                0x0000000000000000        0xc /usr/local/Cellar/pebble-sdk/3.2.1/Pebble/aplite/lib/libpebble.a(tmp5yxpeipebble.o)
 .text.number_window_set_label
                0x0000000000000000        0xc /usr/local/Cellar/pebble-sdk/3.2.1/Pebble/aplite/lib/libpebble.a(tmp5yxpeipebble.o)
 .text.number_window_set_max
                0x0000000000000000        0xc /usr/local/Cellar/pebble-sdk/3.2.1/Pebble/aplite/lib/libpebble.a(tmp5yxpeipebble.o)
 .text.number_window_set_min
                0x0000000000000000        0xc /usr/local/Cellar/pebble-sdk/3.2.1/Pebble/aplite/lib/libpebble.a(tmp5yxpeipebble.o)
 .text.number_window_set_step_size
                0x0000000000000000        0xc /usr/local/Cellar/pebble-sdk/3.2.1/Pebble/aplite/lib/libpebble.a(tmp5yxpeipebble.o)
 .text.number_window_set_value
                0x0000000000000000        0xc /usr/local/Cellar/pebble-sdk/3.2.1/Pebble/aplite/lib/libpebble.a(tmp5yxpeipebble.o)
 .text.persist_delete
                0x0000000000000000        0xc /usr/local/Cellar/pebble-sdk/3.2.1/Pebble/aplite/lib/libpebble.a(tmp5yxpeipebble.o)
 .text.persist_exists
                0x0000000000000000        0xc /usr/local/Cellar/pebble-sdk/3.2.1/Pebble/aplite/lib/libpebble.a(tmp5yxpeipebble.o)
 .text.persist_get_size
                0x0000000000000000        0xc /usr/local/Cellar/pebble-sdk/3.2.1/Pebble/aplite/lib/libpebble.a(tmp5yxpeipebble.o)
 .text.persist_read_bool
                0x0000000000000000        0xc /usr/local/Cellar/pebble-sdk/3.2.1/Pebble/aplite/lib/libpebble.a(tmp5yxpeipebble.o)
 .text.persist_read_data__deprecated
                0x0000000000000000        0xc /usr/local/Cellar/pebble-sdk/3.2.1/Pebble/aplite/lib/libpebble.a(tmp5yxpeipebble.o)
 .text.persist_read_int
                0x0000000000000000        0xc /usr/local/Cellar/pebble-sdk/3.2.1/Pebble/aplite/lib/libpebble.a(tmp5yxpeipebble.o)
 .text.persist_read_string__deprecated
                0x0000000000000000        0xc /usr/local/Cellar/pebble-sdk/3.2.1/Pebble/aplite/lib/libpebble.a(tmp5yxpeipebble.o)
 .text.persist_write_bool
                0x0000000000000000        0xc /usr/local/Cellar/pebble-sdk/3.2.1/Pebble/aplite/lib/libpebble.a(tmp5yxpeipebble.o)
 .text.persist_write_data__deprecated
                0x0000000000000000        0xc /usr/local/Cellar/pebble-sdk/3.2.1/Pebble/aplite/lib/libpebble.a(tmp5yxpeipebble.o)
 .text.persist_write_int
                0x0000000000000000        0xc /usr/local/Cellar/pebble-sdk/3.2.1/Pebble/aplite/lib/libpebble.a(tmp5yxpeipebble.o)
 .text.persist_write_string
                0x0000000000000000        0xc /usr/local/Cellar/pebble-sdk/3.2.1/Pebble/aplite/lib/libpebble.a(tmp5yxpeipebble.o)
 .text.property_animation_create
                0x0000000000000000        0xc /usr/local/Cellar/pebble-sdk/3.2.1/Pebble/aplite/lib/libpebble.a(tmp5yxpeipebble.o)
 .text.property_animation_create_layer_frame
                0x0000000000000000        0xc /usr/local/Cellar/pebble-sdk/3.2.1/Pebble/aplite/lib/libpebble.a(tmp5yxpeipebble.o)
 .text.property_animation_destroy
                0x0000000000000000        0xc /usr/local/Cellar/pebble-sdk/3.2.1/Pebble/aplite/lib/libpebble.a(tmp5yxpeipebble.o)
 .text.property_animation_update_gpoint
                0x0000000000000000        0xc /usr/local/Cellar/pebble-sdk/3.2.1/Pebble/aplite/lib/libpebble.a(tmp5yxpeipebble.o)
 .text.property_animation_update_grect
                0x0000000000000000        0xc /usr/local/Cellar/pebble-sdk/3.2.1/Pebble/aplite/lib/libpebble.a(tmp5yxpeipebble.o)
 .text.property_animation_update_int16
                0x0000000000000000        0xc /usr/local/Cellar/pebble-sdk/3.2.1/Pebble/aplite/lib/libpebble.a(tmp5yxpeipebble.o)
 .text.psleep   0x0000000000000000        0xc /usr/local/Cellar/pebble-sdk/3.2.1/Pebble/aplite/lib/libpebble.a(tmp5yxpeipebble.o)
 .text.rand     0x0000000000000000        0xc /usr/local/Cellar/pebble-sdk/3.2.1/Pebble/aplite/lib/libpebble.a(tmp5yxpeipebble.o)
 .text.resource_get_handle
                0x0000000000000000        0xc /usr/local/Cellar/pebble-sdk/3.2.1/Pebble/aplite/lib/libpebble.a(tmp5yxpeipebble.o)
 .text.resource_load
                0x0000000000000000        0xc /usr/local/Cellar/pebble-sdk/3.2.1/Pebble/aplite/lib/libpebble.a(tmp5yxpeipebble.o)
 .text.resource_load_byte_range
                0x0000000000000000        0xc /usr/local/Cellar/pebble-sdk/3.2.1/Pebble/aplite/lib/libpebble.a(tmp5yxpeipebble.o)
 .text.resource_size
                0x0000000000000000        0xc /usr/local/Cellar/pebble-sdk/3.2.1/Pebble/aplite/lib/libpebble.a(tmp5yxpeipebble.o)
 .text.rot_bitmap_layer_create
                0x0000000000000000        0xc /usr/local/Cellar/pebble-sdk/3.2.1/Pebble/aplite/lib/libpebble.a(tmp5yxpeipebble.o)
 .text.rot_bitmap_layer_destroy
                0x0000000000000000        0xc /usr/local/Cellar/pebble-sdk/3.2.1/Pebble/aplite/lib/libpebble.a(tmp5yxpeipebble.o)
 .text.rot_bitmap_layer_increment_angle
                0x0000000000000000        0xc /usr/local/Cellar/pebble-sdk/3.2.1/Pebble/aplite/lib/libpebble.a(tmp5yxpeipebble.o)
 .text.rot_bitmap_layer_set_angle
                0x0000000000000000        0xc /usr/local/Cellar/pebble-sdk/3.2.1/Pebble/aplite/lib/libpebble.a(tmp5yxpeipebble.o)
 .text.rot_bitmap_layer_set_corner_clip_color
                0x0000000000000000        0xc /usr/local/Cellar/pebble-sdk/3.2.1/Pebble/aplite/lib/libpebble.a(tmp5yxpeipebble.o)
 .text.rot_bitmap_set_compositing_mode
                0x0000000000000000        0xc /usr/local/Cellar/pebble-sdk/3.2.1/Pebble/aplite/lib/libpebble.a(tmp5yxpeipebble.o)
 .text.rot_bitmap_set_src_ic
                0x0000000000000000        0xc /usr/local/Cellar/pebble-sdk/3.2.1/Pebble/aplite/lib/libpebble.a(tmp5yxpeipebble.o)
 .text.scroll_layer_add_child
                0x0000000000000000        0xc /usr/local/Cellar/pebble-sdk/3.2.1/Pebble/aplite/lib/libpebble.a(tmp5yxpeipebble.o)
 .text.scroll_layer_create
                0x0000000000000000        0xc /usr/local/Cellar/pebble-sdk/3.2.1/Pebble/aplite/lib/libpebble.a(tmp5yxpeipebble.o)
 .text.scroll_layer_destroy
                0x0000000000000000        0xc /usr/local/Cellar/pebble-sdk/3.2.1/Pebble/aplite/lib/libpebble.a(tmp5yxpeipebble.o)
 .text.scroll_layer_get_content_offset
                0x0000000000000000        0xc /usr/local/Cellar/pebble-sdk/3.2.1/Pebble/aplite/lib/libpebble.a(tmp5yxpeipebble.o)
 .text.scroll_layer_get_content_size
                0x0000000000000000        0xc /usr/local/Cellar/pebble-sdk/3.2.1/Pebble/aplite/lib/libpebble.a(tmp5yxpeipebble.o)
 .text.scroll_layer_get_layer
                0x0000000000000000        0xc /usr/local/Cellar/pebble-sdk/3.2.1/Pebble/aplite/lib/libpebble.a(tmp5yxpeipebble.o)
 .text.scroll_layer_get_shadow_hidden
                0x0000000000000000        0xc /usr/local/Cellar/pebble-sdk/3.2.1/Pebble/aplite/lib/libpebble.a(tmp5yxpeipebble.o)
 .text.scroll_layer_scroll_down_click_handler
                0x0000000000000000        0xc /usr/local/Cellar/pebble-sdk/3.2.1/Pebble/aplite/lib/libpebble.a(tmp5yxpeipebble.o)
 .text.scroll_layer_scroll_up_click_handler
                0x0000000000000000        0xc /usr/local/Cellar/pebble-sdk/3.2.1/Pebble/aplite/lib/libpebble.a(tmp5yxpeipebble.o)
 .text.scroll_layer_set_callbacks
                0x0000000000000000        0xc /usr/local/Cellar/pebble-sdk/3.2.1/Pebble/aplite/lib/libpebble.a(tmp5yxpeipebble.o)
 .text.scroll_layer_set_click_config_onto_window
                0x0000000000000000        0xc /usr/local/Cellar/pebble-sdk/3.2.1/Pebble/aplite/lib/libpebble.a(tmp5yxpeipebble.o)
 .text.scroll_layer_set_content_offset
                0x0000000000000000        0xc /usr/local/Cellar/pebble-sdk/3.2.1/Pebble/aplite/lib/libpebble.a(tmp5yxpeipebble.o)
 .text.scroll_layer_set_content_size
                0x0000000000000000        0xc /usr/local/Cellar/pebble-sdk/3.2.1/Pebble/aplite/lib/libpebble.a(tmp5yxpeipebble.o)
 .text.scroll_layer_set_context
                0x0000000000000000        0xc /usr/local/Cellar/pebble-sdk/3.2.1/Pebble/aplite/lib/libpebble.a(tmp5yxpeipebble.o)
 .text.scroll_layer_set_frame
                0x0000000000000000        0xc /usr/local/Cellar/pebble-sdk/3.2.1/Pebble/aplite/lib/libpebble.a(tmp5yxpeipebble.o)
 .text.scroll_layer_set_shadow_hidden
                0x0000000000000000        0xc /usr/local/Cellar/pebble-sdk/3.2.1/Pebble/aplite/lib/libpebble.a(tmp5yxpeipebble.o)
 .text.simple_menu_layer_create
                0x0000000000000000        0xc /usr/local/Cellar/pebble-sdk/3.2.1/Pebble/aplite/lib/libpebble.a(tmp5yxpeipebble.o)
 .text.simple_menu_layer_destroy
                0x0000000000000000        0xc /usr/local/Cellar/pebble-sdk/3.2.1/Pebble/aplite/lib/libpebble.a(tmp5yxpeipebble.o)
 .text.simple_menu_layer_get_layer
                0x0000000000000000        0xc /usr/local/Cellar/pebble-sdk/3.2.1/Pebble/aplite/lib/libpebble.a(tmp5yxpeipebble.o)
 .text.simple_menu_layer_get_selected_index
                0x0000000000000000        0xc /usr/local/Cellar/pebble-sdk/3.2.1/Pebble/aplite/lib/libpebble.a(tmp5yxpeipebble.o)
 .text.simple_menu_layer_set_selected_index
                0x0000000000000000        0xc /usr/local/Cellar/pebble-sdk/3.2.1/Pebble/aplite/lib/libpebble.a(tmp5yxpeipebble.o)
 .text.sin_lookup
                0x0000000000000000        0xc /usr/local/Cellar/pebble-sdk/3.2.1/Pebble/aplite/lib/libpebble.a(tmp5yxpeipebble.o)
 .text.srand    0x0000000000000000        0xc /usr/local/Cellar/pebble-sdk/3.2.1/Pebble/aplite/lib/libpebble.a(tmp5yxpeipebble.o)
 .text.strcat   0x0000000000000000        0xc /usr/local/Cellar/pebble-sdk/3.2.1/Pebble/aplite/lib/libpebble.a(tmp5yxpeipebble.o)
 .text.strcmp   0x0000000000000000        0xc /usr/local/Cellar/pebble-sdk/3.2.1/Pebble/aplite/lib/libpebble.a(tmp5yxpeipebble.o)
 .text.strcpy   0x0000000000000000        0xc /usr/local/Cellar/pebble-sdk/3.2.1/Pebble/aplite/lib/libpebble.a(tmp5yxpeipebble.o)
 .text.strlen   0x0000000000000000        0xc /usr/local/Cellar/pebble-sdk/3.2.1/Pebble/aplite/lib/libpebble.a(tmp5yxpeipebble.o)
 .text.strncat  0x0000000000000000        0xc /usr/local/Cellar/pebble-sdk/3.2.1/Pebble/aplite/lib/libpebble.a(tmp5yxpeipebble.o)
 .text.strncmp  0x0000000000000000        0xc /usr/local/Cellar/pebble-sdk/3.2.1/Pebble/aplite/lib/libpebble.a(tmp5yxpeipebble.o)
 .text.strncpy  0x0000000000000000        0xc /usr/local/Cellar/pebble-sdk/3.2.1/Pebble/aplite/lib/libpebble.a(tmp5yxpeipebble.o)
 .text.text_layer_get_content_size
                0x0000000000000000        0xc /usr/local/Cellar/pebble-sdk/3.2.1/Pebble/aplite/lib/libpebble.a(tmp5yxpeipebble.o)
 .text.text_layer_get_text
                0x0000000000000000        0xc /usr/local/Cellar/pebble-sdk/3.2.1/Pebble/aplite/lib/libpebble.a(tmp5yxpeipebble.o)
 .text.text_layer_set_overflow_mode
                0x0000000000000000        0xc /usr/local/Cellar/pebble-sdk/3.2.1/Pebble/aplite/lib/libpebble.a(tmp5yxpeipebble.o)
 .text.text_layer_set_size
                0x0000000000000000        0xc /usr/local/Cellar/pebble-sdk/3.2.1/Pebble/aplite/lib/libpebble.a(tmp5yxpeipebble.o)
 .text.tick_timer_service_unsubscribe
                0x0000000000000000        0xc /usr/local/Cellar/pebble-sdk/3.2.1/Pebble/aplite/lib/libpebble.a(tmp5yxpeipebble.o)
 .text.time_ms  0x0000000000000000        0xc /usr/local/Cellar/pebble-sdk/3.2.1/Pebble/aplite/lib/libpebble.a(tmp5yxpeipebble.o)
 .text.vibes_cancel
                0x0000000000000000        0xc /usr/local/Cellar/pebble-sdk/3.2.1/Pebble/aplite/lib/libpebble.a(tmp5yxpeipebble.o)
 .text.vibes_double_pulse
                0x0000000000000000        0xc /usr/local/Cellar/pebble-sdk/3.2.1/Pebble/aplite/lib/libpebble.a(tmp5yxpeipebble.o)
 .text.vibes_long_pulse
                0x0000000000000000        0xc /usr/local/Cellar/pebble-sdk/3.2.1/Pebble/aplite/lib/libpebble.a(tmp5yxpeipebble.o)
 .text.vibes_short_pulse
                0x0000000000000000        0xc /usr/local/Cellar/pebble-sdk/3.2.1/Pebble/aplite/lib/libpebble.a(tmp5yxpeipebble.o)
 .text.window_get_click_config_provider
                0x0000000000000000        0xc /usr/local/Cellar/pebble-sdk/3.2.1/Pebble/aplite/lib/libpebble.a(tmp5yxpeipebble.o)
 .text.window_get_fullscreen
                0x0000000000000000        0xc /usr/local/Cellar/pebble-sdk/3.2.1/Pebble/aplite/lib/libpebble.a(tmp5yxpeipebble.o)
 .text.window_is_loaded
                0x0000000000000000        0xc /usr/local/Cellar/pebble-sdk/3.2.1/Pebble/aplite/lib/libpebble.a(tmp5yxpeipebble.o)
 .text.window_set_click_config_provider
                0x0000000000000000        0xc /usr/local/Cellar/pebble-sdk/3.2.1/Pebble/aplite/lib/libpebble.a(tmp5yxpeipebble.o)
 .text.window_set_click_config_provider_with_context
                0x0000000000000000        0xc /usr/local/Cellar/pebble-sdk/3.2.1/Pebble/aplite/lib/libpebble.a(tmp5yxpeipebble.o)
 .text.window_set_fullscreen
                0x0000000000000000        0xc /usr/local/Cellar/pebble-sdk/3.2.1/Pebble/aplite/lib/libpebble.a(tmp5yxpeipebble.o)
 .text.window_set_status_bar_icon
                0x0000000000000000        0xc /usr/local/Cellar/pebble-sdk/3.2.1/Pebble/aplite/lib/libpebble.a(tmp5yxpeipebble.o)
 .text.window_stack_contains_window
                0x0000000000000000        0xc /usr/local/Cellar/pebble-sdk/3.2.1/Pebble/aplite/lib/libpebble.a(tmp5yxpeipebble.o)
 .text.window_stack_get_top_window
                0x0000000000000000        0xc /usr/local/Cellar/pebble-sdk/3.2.1/Pebble/aplite/lib/libpebble.a(tmp5yxpeipebble.o)
 .text.window_stack_pop
                0x0000000000000000        0xc /usr/local/Cellar/pebble-sdk/3.2.1/Pebble/aplite/lib/libpebble.a(tmp5yxpeipebble.o)
 .text.window_stack_pop_all
                0x0000000000000000        0xc /usr/local/Cellar/pebble-sdk/3.2.1/Pebble/aplite/lib/libpebble.a(tmp5yxpeipebble.o)
 .text.window_stack_remove
                0x0000000000000000        0xc /usr/local/Cellar/pebble-sdk/3.2.1/Pebble/aplite/lib/libpebble.a(tmp5yxpeipebble.o)
 .text.app_focus_service_subscribe
                0x0000000000000000        0xc /usr/local/Cellar/pebble-sdk/3.2.1/Pebble/aplite/lib/libpebble.a(tmp5yxpeipebble.o)
 .text.app_focus_service_unsubscribe
                0x0000000000000000        0xc /usr/local/Cellar/pebble-sdk/3.2.1/Pebble/aplite/lib/libpebble.a(tmp5yxpeipebble.o)
 .text.window_get_user_data
                0x0000000000000000        0xc /usr/local/Cellar/pebble-sdk/3.2.1/Pebble/aplite/lib/libpebble.a(tmp5yxpeipebble.o)
 .text.window_set_user_data
                0x0000000000000000        0xc /usr/local/Cellar/pebble-sdk/3.2.1/Pebble/aplite/lib/libpebble.a(tmp5yxpeipebble.o)
 .text.app_message_get_context
                0x0000000000000000        0xc /usr/local/Cellar/pebble-sdk/3.2.1/Pebble/aplite/lib/libpebble.a(tmp5yxpeipebble.o)
 .text.app_message_set_context
                0x0000000000000000        0xc /usr/local/Cellar/pebble-sdk/3.2.1/Pebble/aplite/lib/libpebble.a(tmp5yxpeipebble.o)
 .text.window_long_click_subscribe
                0x0000000000000000        0xc /usr/local/Cellar/pebble-sdk/3.2.1/Pebble/aplite/lib/libpebble.a(tmp5yxpeipebble.o)
 .text.window_multi_click_subscribe
                0x0000000000000000        0xc /usr/local/Cellar/pebble-sdk/3.2.1/Pebble/aplite/lib/libpebble.a(tmp5yxpeipebble.o)
 .text.window_raw_click_subscribe
                0x0000000000000000        0xc /usr/local/Cellar/pebble-sdk/3.2.1/Pebble/aplite/lib/libpebble.a(tmp5yxpeipebble.o)
 .text.window_set_click_context
                0x0000000000000000        0xc /usr/local/Cellar/pebble-sdk/3.2.1/Pebble/aplite/lib/libpebble.a(tmp5yxpeipebble.o)
 .text.window_single_click_subscribe
                0x0000000000000000        0xc /usr/local/Cellar/pebble-sdk/3.2.1/Pebble/aplite/lib/libpebble.a(tmp5yxpeipebble.o)
 .text.window_single_repeating_click_subscribe
                0x0000000000000000        0xc /usr/local/Cellar/pebble-sdk/3.2.1/Pebble/aplite/lib/libpebble.a(tmp5yxpeipebble.o)
 .text.graphics_draw_text
                0x0000000000000000        0xc /usr/local/Cellar/pebble-sdk/3.2.1/Pebble/aplite/lib/libpebble.a(tmp5yxpeipebble.o)
 .text.dict_serialize_tuplets_to_buffer
                0x0000000000000000        0xc /usr/local/Cellar/pebble-sdk/3.2.1/Pebble/aplite/lib/libpebble.a(tmp5yxpeipebble.o)
 .text.persist_read_data
                0x0000000000000000        0xc /usr/local/Cellar/pebble-sdk/3.2.1/Pebble/aplite/lib/libpebble.a(tmp5yxpeipebble.o)
 .text.persist_read_string
                0x0000000000000000        0xc /usr/local/Cellar/pebble-sdk/3.2.1/Pebble/aplite/lib/libpebble.a(tmp5yxpeipebble.o)
 .text.persist_write_data
                0x0000000000000000        0xc /usr/local/Cellar/pebble-sdk/3.2.1/Pebble/aplite/lib/libpebble.a(tmp5yxpeipebble.o)
 .text.dict_size
                0x0000000000000000        0xc /usr/local/Cellar/pebble-sdk/3.2.1/Pebble/aplite/lib/libpebble.a(tmp5yxpeipebble.o)
 .text.graphics_text_layout_get_content_size
                0x0000000000000000        0xc /usr/local/Cellar/pebble-sdk/3.2.1/Pebble/aplite/lib/libpebble.a(tmp5yxpeipebble.o)
 .text.simple_menu_layer_get_menu_layer
                0x0000000000000000        0xc /usr/local/Cellar/pebble-sdk/3.2.1/Pebble/aplite/lib/libpebble.a(tmp5yxpeipebble.o)
 .text.accel_data_service_subscribe
                0x0000000000000000        0xc /usr/local/Cellar/pebble-sdk/3.2.1/Pebble/aplite/lib/libpebble.a(tmp5yxpeipebble.o)
 .text.calloc   0x0000000000000000        0xc /usr/local/Cellar/pebble-sdk/3.2.1/Pebble/aplite/lib/libpebble.a(tmp5yxpeipebble.o)
 .text.bitmap_layer_get_bitmap
                0x0000000000000000        0xc /usr/local/Cellar/pebble-sdk/3.2.1/Pebble/aplite/lib/libpebble.a(tmp5yxpeipebble.o)
 .text.menu_layer_set_callbacks
                0x0000000000000000        0xc /usr/local/Cellar/pebble-sdk/3.2.1/Pebble/aplite/lib/libpebble.a(tmp5yxpeipebble.o)
 .text.window_get_click_config_context
                0x0000000000000000        0xc /usr/local/Cellar/pebble-sdk/3.2.1/Pebble/aplite/lib/libpebble.a(tmp5yxpeipebble.o)
 .text.number_window_get_window
                0x0000000000000000        0xc /usr/local/Cellar/pebble-sdk/3.2.1/Pebble/aplite/lib/libpebble.a(tmp5yxpeipebble.o)
 .text.realloc  0x0000000000000000        0xc /usr/local/Cellar/pebble-sdk/3.2.1/Pebble/aplite/lib/libpebble.a(tmp5yxpeipebble.o)
 .text.__gbitmap_create_blank
                0x0000000000000000        0xc /usr/local/Cellar/pebble-sdk/3.2.1/Pebble/aplite/lib/libpebble.a(tmp5yxpeipebble.o)
 .text.click_recognizer_is_repeating
                0x0000000000000000        0xc /usr/local/Cellar/pebble-sdk/3.2.1/Pebble/aplite/lib/libpebble.a(tmp5yxpeipebble.o)
 .text.accel_raw_data_service_subscribe
                0x0000000000000000        0xc /usr/local/Cellar/pebble-sdk/3.2.1/Pebble/aplite/lib/libpebble.a(tmp5yxpeipebble.o)
 .text.app_worker_is_running
                0x0000000000000000        0xc /usr/local/Cellar/pebble-sdk/3.2.1/Pebble/aplite/lib/libpebble.a(tmp5yxpeipebble.o)
 .text.app_worker_kill
                0x0000000000000000        0xc /usr/local/Cellar/pebble-sdk/3.2.1/Pebble/aplite/lib/libpebble.a(tmp5yxpeipebble.o)
 .text.app_worker_launch
                0x0000000000000000        0xc /usr/local/Cellar/pebble-sdk/3.2.1/Pebble/aplite/lib/libpebble.a(tmp5yxpeipebble.o)
 .text.app_worker_message_subscribe
                0x0000000000000000        0xc /usr/local/Cellar/pebble-sdk/3.2.1/Pebble/aplite/lib/libpebble.a(tmp5yxpeipebble.o)
 .text.app_worker_message_unsubscribe
                0x0000000000000000        0xc /usr/local/Cellar/pebble-sdk/3.2.1/Pebble/aplite/lib/libpebble.a(tmp5yxpeipebble.o)
 .text.app_worker_send_message
                0x0000000000000000        0xc /usr/local/Cellar/pebble-sdk/3.2.1/Pebble/aplite/lib/libpebble.a(tmp5yxpeipebble.o)
 .text.worker_event_loop
                0x0000000000000000        0xc /usr/local/Cellar/pebble-sdk/3.2.1/Pebble/aplite/lib/libpebble.a(tmp5yxpeipebble.o)
 .text.worker_launch_app
                0x0000000000000000        0xc /usr/local/Cellar/pebble-sdk/3.2.1/Pebble/aplite/lib/libpebble.a(tmp5yxpeipebble.o)
 .text.heap_bytes_free
                0x0000000000000000        0xc /usr/local/Cellar/pebble-sdk/3.2.1/Pebble/aplite/lib/libpebble.a(tmp5yxpeipebble.o)
 .text.heap_bytes_used
                0x0000000000000000        0xc /usr/local/Cellar/pebble-sdk/3.2.1/Pebble/aplite/lib/libpebble.a(tmp5yxpeipebble.o)
 .text.compass_service_peek
                0x0000000000000000        0xc /usr/local/Cellar/pebble-sdk/3.2.1/Pebble/aplite/lib/libpebble.a(tmp5yxpeipebble.o)
 .text.compass_service_set_heading_filter
                0x0000000000000000        0xc /usr/local/Cellar/pebble-sdk/3.2.1/Pebble/aplite/lib/libpebble.a(tmp5yxpeipebble.o)
 .text.compass_service_subscribe
                0x0000000000000000        0xc /usr/local/Cellar/pebble-sdk/3.2.1/Pebble/aplite/lib/libpebble.a(tmp5yxpeipebble.o)
 .text.compass_service_unsubscribe
                0x0000000000000000        0xc /usr/local/Cellar/pebble-sdk/3.2.1/Pebble/aplite/lib/libpebble.a(tmp5yxpeipebble.o)
 .text.uuid_equal
                0x0000000000000000        0xc /usr/local/Cellar/pebble-sdk/3.2.1/Pebble/aplite/lib/libpebble.a(tmp5yxpeipebble.o)
 .text.uuid_to_string
                0x0000000000000000        0xc /usr/local/Cellar/pebble-sdk/3.2.1/Pebble/aplite/lib/libpebble.a(tmp5yxpeipebble.o)
 .text.gpath_draw_filled
                0x0000000000000000        0xc /usr/local/Cellar/pebble-sdk/3.2.1/Pebble/aplite/lib/libpebble.a(tmp5yxpeipebble.o)
 .text.animation_set_custom_curve
                0x0000000000000000        0xc /usr/local/Cellar/pebble-sdk/3.2.1/Pebble/aplite/lib/libpebble.a(tmp5yxpeipebble.o)
 .text.watch_info_get_color
                0x0000000000000000        0xc /usr/local/Cellar/pebble-sdk/3.2.1/Pebble/aplite/lib/libpebble.a(tmp5yxpeipebble.o)
 .text.watch_info_get_firmware_version
                0x0000000000000000        0xc /usr/local/Cellar/pebble-sdk/3.2.1/Pebble/aplite/lib/libpebble.a(tmp5yxpeipebble.o)
 .text.watch_info_get_model
                0x0000000000000000        0xc /usr/local/Cellar/pebble-sdk/3.2.1/Pebble/aplite/lib/libpebble.a(tmp5yxpeipebble.o)
 .text.graphics_capture_frame_buffer
                0x0000000000000000        0xc /usr/local/Cellar/pebble-sdk/3.2.1/Pebble/aplite/lib/libpebble.a(tmp5yxpeipebble.o)
 .text.graphics_frame_buffer_is_captured
                0x0000000000000000        0xc /usr/local/Cellar/pebble-sdk/3.2.1/Pebble/aplite/lib/libpebble.a(tmp5yxpeipebble.o)
 .text.graphics_release_frame_buffer
                0x0000000000000000        0xc /usr/local/Cellar/pebble-sdk/3.2.1/Pebble/aplite/lib/libpebble.a(tmp5yxpeipebble.o)
 .text.clock_to_timestamp
                0x0000000000000000        0xc /usr/local/Cellar/pebble-sdk/3.2.1/Pebble/aplite/lib/libpebble.a(tmp5yxpeipebble.o)
 .text.launch_reason
                0x0000000000000000        0xc /usr/local/Cellar/pebble-sdk/3.2.1/Pebble/aplite/lib/libpebble.a(tmp5yxpeipebble.o)
 .text.wakeup_cancel
                0x0000000000000000        0xc /usr/local/Cellar/pebble-sdk/3.2.1/Pebble/aplite/lib/libpebble.a(tmp5yxpeipebble.o)
 .text.wakeup_cancel_all
                0x0000000000000000        0xc /usr/local/Cellar/pebble-sdk/3.2.1/Pebble/aplite/lib/libpebble.a(tmp5yxpeipebble.o)
 .text.wakeup_get_launch_event
                0x0000000000000000        0xc /usr/local/Cellar/pebble-sdk/3.2.1/Pebble/aplite/lib/libpebble.a(tmp5yxpeipebble.o)
 .text.wakeup_query
                0x0000000000000000        0xc /usr/local/Cellar/pebble-sdk/3.2.1/Pebble/aplite/lib/libpebble.a(tmp5yxpeipebble.o)
 .text.wakeup_schedule
                0x0000000000000000        0xc /usr/local/Cellar/pebble-sdk/3.2.1/Pebble/aplite/lib/libpebble.a(tmp5yxpeipebble.o)
 .text.wakeup_service_subscribe
                0x0000000000000000        0xc /usr/local/Cellar/pebble-sdk/3.2.1/Pebble/aplite/lib/libpebble.a(tmp5yxpeipebble.o)
 .text.clock_is_timezone_set
                0x0000000000000000        0xc /usr/local/Cellar/pebble-sdk/3.2.1/Pebble/aplite/lib/libpebble.a(tmp5yxpeipebble.o)
 .text.i18n_get_system_locale
                0x0000000000000000        0xc /usr/local/Cellar/pebble-sdk/3.2.1/Pebble/aplite/lib/libpebble.a(tmp5yxpeipebble.o)
 .text._localeconv_r
                0x0000000000000000        0xc /usr/local/Cellar/pebble-sdk/3.2.1/Pebble/aplite/lib/libpebble.a(tmp5yxpeipebble.o)
 .text.setlocale
                0x0000000000000000        0xc /usr/local/Cellar/pebble-sdk/3.2.1/Pebble/aplite/lib/libpebble.a(tmp5yxpeipebble.o)
 .text.mktime   0x0000000000000000        0xc /usr/local/Cellar/pebble-sdk/3.2.1/Pebble/aplite/lib/libpebble.a(tmp5yxpeipebble.o)
 .text          0x0000000000000000        0x0 /usr/local/Cellar/pebble-toolchain/2.0/arm-cs-tools/bin/../lib/gcc/arm-none-eabi/4.7.2/thumb2/crtend.o
 .bss           0x0000000000000000        0x0 /usr/local/Cellar/pebble-toolchain/2.0/arm-cs-tools/bin/../lib/gcc/arm-none-eabi/4.7.2/thumb2/crtend.o
 .eh_frame      0x0000000000000000        0x4 /usr/local/Cellar/pebble-toolchain/2.0/arm-cs-tools/bin/../lib/gcc/arm-none-eabi/4.7.2/thumb2/crtend.o
 .jcr           0x0000000000000000        0x4 /usr/local/Cellar/pebble-toolchain/2.0/arm-cs-tools/bin/../lib/gcc/arm-none-eabi/4.7.2/thumb2/crtend.o
 .tm_clone_table
                0x0000000000000000        0x0 /usr/local/Cellar/pebble-toolchain/2.0/arm-cs-tools/bin/../lib/gcc/arm-none-eabi/4.7.2/thumb2/crtend.o
 .text          0x0000000000000000        0x0 /usr/local/Cellar/pebble-toolchain/2.0/arm-cs-tools/bin/../lib/gcc/arm-none-eabi/4.7.2/thumb2/crtn.o
 .bss           0x0000000000000000        0x0 /usr/local/Cellar/pebble-toolchain/2.0/arm-cs-tools/bin/../lib/gcc/arm-none-eabi/4.7.2/thumb2/crtn.o
 .init          0x0000000000000000        0x8 /usr/local/Cellar/pebble-toolchain/2.0/arm-cs-tools/bin/../lib/gcc/arm-none-eabi/4.7.2/thumb2/crtn.o
 .fini          0x0000000000000000        0x8 /usr/local/Cellar/pebble-toolchain/2.0/arm-cs-tools/bin/../lib/gcc/arm-none-eabi/4.7.2/thumb2/crtn.o

Memory Configuration

Name             Origin             Length             Attributes
APP              0x0000000000000000 0x0000000000006000 xrw
*default*        0x0000000000000000 0xffffffffffffffff

Linker script and memory map

LOAD /usr/local/Cellar/pebble-toolchain/2.0/arm-cs-tools/bin/../lib/gcc/arm-none-eabi/4.7.2/thumb2/crti.o
LOAD /usr/local/Cellar/pebble-toolchain/2.0/arm-cs-tools/bin/../lib/gcc/arm-none-eabi/4.7.2/thumb2/crtbegin.o
LOAD src/pstock_watchface.c.46.o
LOAD aplite/appinfo.auto.c.46.o
LOAD /usr/local/Cellar/pebble-sdk/3.2.1/Pebble/aplite/lib/libpebble.a
START GROUP
LOAD /usr/local/Cellar/pebble-toolchain/2.0/arm-cs-tools/bin/../lib/gcc/arm-none-eabi/4.7.2/thumb2/libgcc.a
LOAD /usr/local/Cellar/pebble-toolchain/2.0/arm-cs-tools/bin/../lib/gcc/arm-none-eabi/4.7.2/../../../../arm-none-eabi/lib/thumb2/libc.a
END GROUP
LOAD /usr/local/Cellar/pebble-toolchain/2.0/arm-cs-tools/bin/../lib/gcc/arm-none-eabi/4.7.2/thumb2/crtend.o
LOAD /usr/local/Cellar/pebble-toolchain/2.0/arm-cs-tools/bin/../lib/gcc/arm-none-eabi/4.7.2/thumb2/crtn.o

.header         0x0000000000000000       0x82
 *(.pbl_header)
 .pbl_header    0x0000000000000000       0x82 aplite/appinfo.auto.c.46.o
                0x0000000000000000                __pbl_app_info

.note.gnu.build-id
                0x0000000000000082       0x26
                0x0000000000000082                PROVIDE (BUILD_ID, .)
 *(.note.gnu.build-id)
 *fill*         0x0000000000000082        0x2 
 .note.gnu.build-id
                0x0000000000000084       0x24 linker stubs

.text           0x00000000000000a8      0xbd0
 *(.text)
 .text          0x00000000000000a8       0x14 /usr/local/Cellar/pebble-sdk/3.2.1/Pebble/aplite/lib/libpebble.a(tmp5yxpeipebble.o)
 *(.text.*)
 .text.outbox_sent_callback
                0x00000000000000bc        0x2 src/pstock_watchface.c.46.o
 *fill*         0x00000000000000be        0x2 
 .text.outbox_failed_callback
                0x00000000000000c0       0x9c src/pstock_watchface.c.46.o
 .text.inbox_dropped_callback
                0x000000000000015c       0x9c src/pstock_watchface.c.46.o
 .text.inbox_received_callback
                0x00000000000001f8      0x4d8 src/pstock_watchface.c.46.o
 .text.update_time
                0x00000000000006d0       0x60 src/pstock_watchface.c.46.o
 .text.main_window_unload
                0x0000000000000730       0x40 src/pstock_watchface.c.46.o
 .text.main_window_load
                0x0000000000000770      0x168 src/pstock_watchface.c.46.o
 .text.tick_handler
                0x00000000000008d8       0x64 src/pstock_watchface.c.46.o
 .text.startup.main
                0x000000000000093c       0xa8 src/pstock_watchface.c.46.o
                0x000000000000093c                main
 .text.app_event_loop
                0x00000000000009e4        0xc /usr/local/Cellar/pebble-sdk/3.2.1/Pebble/aplite/lib/libpebble.a(tmp5yxpeipebble.o)
                0x00000000000009e4                app_event_loop
 .text.app_message_open
                0x00000000000009f0        0xc /usr/local/Cellar/pebble-sdk/3.2.1/Pebble/aplite/lib/libpebble.a(tmp5yxpeipebble.o)
                0x00000000000009f0                app_message_open
 .text.bitmap_layer_create
                0x00000000000009fc        0xc /usr/local/Cellar/pebble-sdk/3.2.1/Pebble/aplite/lib/libpebble.a(tmp5yxpeipebble.o)
                0x00000000000009fc                bitmap_layer_create
 .text.bitmap_layer_destroy
                0x0000000000000a08        0xc /usr/local/Cellar/pebble-sdk/3.2.1/Pebble/aplite/lib/libpebble.a(tmp5yxpeipebble.o)
                0x0000000000000a08                bitmap_layer_destroy
 .text.bitmap_layer_get_layer
                0x0000000000000a14        0xc /usr/local/Cellar/pebble-sdk/3.2.1/Pebble/aplite/lib/libpebble.a(tmp5yxpeipebble.o)
                0x0000000000000a14                bitmap_layer_get_layer
 .text.bitmap_layer_set_background_color
                0x0000000000000a20        0xc /usr/local/Cellar/pebble-sdk/3.2.1/Pebble/aplite/lib/libpebble.a(tmp5yxpeipebble.o)
                0x0000000000000a20                bitmap_layer_set_background_color
 .text.bitmap_layer_set_bitmap
                0x0000000000000a2c        0xc /usr/local/Cellar/pebble-sdk/3.2.1/Pebble/aplite/lib/libpebble.a(tmp5yxpeipebble.o)
                0x0000000000000a2c                bitmap_layer_set_bitmap
 .text.clock_is_24h_style
                0x0000000000000a38        0xc /usr/local/Cellar/pebble-sdk/3.2.1/Pebble/aplite/lib/libpebble.a(tmp5yxpeipebble.o)
                0x0000000000000a38                clock_is_24h_style
 .text.dict_read_first
                0x0000000000000a44        0xc /usr/local/Cellar/pebble-sdk/3.2.1/Pebble/aplite/lib/libpebble.a(tmp5yxpeipebble.o)
                0x0000000000000a44                dict_read_first
 .text.dict_read_next
                0x0000000000000a50        0xc /usr/local/Cellar/pebble-sdk/3.2.1/Pebble/aplite/lib/libpebble.a(tmp5yxpeipebble.o)
                0x0000000000000a50                dict_read_next
 .text.dict_write_uint8
                0x0000000000000a5c        0xc /usr/local/Cellar/pebble-sdk/3.2.1/Pebble/aplite/lib/libpebble.a(tmp5yxpeipebble.o)
                0x0000000000000a5c                dict_write_uint8
 .text.fonts_get_system_font
                0x0000000000000a68        0xc /usr/local/Cellar/pebble-sdk/3.2.1/Pebble/aplite/lib/libpebble.a(tmp5yxpeipebble.o)
                0x0000000000000a68                fonts_get_system_font
 .text.gbitmap_create_with_resource
                0x0000000000000a74        0xc /usr/local/Cellar/pebble-sdk/3.2.1/Pebble/aplite/lib/libpebble.a(tmp5yxpeipebble.o)
                0x0000000000000a74                gbitmap_create_with_resource
 .text.gbitmap_destroy
                0x0000000000000a80        0xc /usr/local/Cellar/pebble-sdk/3.2.1/Pebble/aplite/lib/libpebble.a(tmp5yxpeipebble.o)
                0x0000000000000a80                gbitmap_destroy
 .text.layer_add_child
                0x0000000000000a8c        0xc /usr/local/Cellar/pebble-sdk/3.2.1/Pebble/aplite/lib/libpebble.a(tmp5yxpeipebble.o)
                0x0000000000000a8c                layer_add_child
 .text.localtime
                0x0000000000000a98        0xc /usr/local/Cellar/pebble-sdk/3.2.1/Pebble/aplite/lib/libpebble.a(tmp5yxpeipebble.o)
                0x0000000000000a98                localtime
 .text.memset   0x0000000000000aa4        0xc /usr/local/Cellar/pebble-sdk/3.2.1/Pebble/aplite/lib/libpebble.a(tmp5yxpeipebble.o)
                0x0000000000000aa4                memset
 .text.snprintf
                0x0000000000000ab0        0xc /usr/local/Cellar/pebble-sdk/3.2.1/Pebble/aplite/lib/libpebble.a(tmp5yxpeipebble.o)
                0x0000000000000ab0                snprintf
 .text.strftime
                0x0000000000000abc        0xc /usr/local/Cellar/pebble-sdk/3.2.1/Pebble/aplite/lib/libpebble.a(tmp5yxpeipebble.o)
                0x0000000000000abc                strftime
 .text.text_layer_create
                0x0000000000000ac8        0xc /usr/local/Cellar/pebble-sdk/3.2.1/Pebble/aplite/lib/libpebble.a(tmp5yxpeipebble.o)
                0x0000000000000ac8                text_layer_create
 .text.text_layer_destroy
                0x0000000000000ad4        0xc /usr/local/Cellar/pebble-sdk/3.2.1/Pebble/aplite/lib/libpebble.a(tmp5yxpeipebble.o)
                0x0000000000000ad4                text_layer_destroy
 .text.text_layer_get_layer
                0x0000000000000ae0        0xc /usr/local/Cellar/pebble-sdk/3.2.1/Pebble/aplite/lib/libpebble.a(tmp5yxpeipebble.o)
                0x0000000000000ae0                text_layer_get_layer
 .text.text_layer_set_background_color
                0x0000000000000aec        0xc /usr/local/Cellar/pebble-sdk/3.2.1/Pebble/aplite/lib/libpebble.a(tmp5yxpeipebble.o)
                0x0000000000000aec                text_layer_set_background_color
 .text.text_layer_set_font
                0x0000000000000af8        0xc /usr/local/Cellar/pebble-sdk/3.2.1/Pebble/aplite/lib/libpebble.a(tmp5yxpeipebble.o)
                0x0000000000000af8                text_layer_set_font
 .text.text_layer_set_text
                0x0000000000000b04        0xc /usr/local/Cellar/pebble-sdk/3.2.1/Pebble/aplite/lib/libpebble.a(tmp5yxpeipebble.o)
                0x0000000000000b04                text_layer_set_text
 .text.text_layer_set_text_alignment
                0x0000000000000b10        0xc /usr/local/Cellar/pebble-sdk/3.2.1/Pebble/aplite/lib/libpebble.a(tmp5yxpeipebble.o)
                0x0000000000000b10                text_layer_set_text_alignment
 .text.text_layer_set_text_color
                0x0000000000000b1c        0xc /usr/local/Cellar/pebble-sdk/3.2.1/Pebble/aplite/lib/libpebble.a(tmp5yxpeipebble.o)
                0x0000000000000b1c                text_layer_set_text_color
 .text.tick_timer_service_subscribe
                0x0000000000000b28        0xc /usr/local/Cellar/pebble-sdk/3.2.1/Pebble/aplite/lib/libpebble.a(tmp5yxpeipebble.o)
                0x0000000000000b28                tick_timer_service_subscribe
 .text.time     0x0000000000000b34        0xc /usr/local/Cellar/pebble-sdk/3.2.1/Pebble/aplite/lib/libpebble.a(tmp5yxpeipebble.o)
                0x0000000000000b34                time
 .text.vibes_enqueue_custom_pattern
                0x0000000000000b40        0xc /usr/local/Cellar/pebble-sdk/3.2.1/Pebble/aplite/lib/libpebble.a(tmp5yxpeipebble.o)
                0x0000000000000b40                vibes_enqueue_custom_pattern
 .text.window_create
                0x0000000000000b4c        0xc /usr/local/Cellar/pebble-sdk/3.2.1/Pebble/aplite/lib/libpebble.a(tmp5yxpeipebble.o)
                0x0000000000000b4c                window_create
 .text.window_destroy
                0x0000000000000b58        0xc /usr/local/Cellar/pebble-sdk/3.2.1/Pebble/aplite/lib/libpebble.a(tmp5yxpeipebble.o)
                0x0000000000000b58                window_destroy
 .text.window_get_root_layer
                0x0000000000000b64        0xc /usr/local/Cellar/pebble-sdk/3.2.1/Pebble/aplite/lib/libpebble.a(tmp5yxpeipebble.o)
                0x0000000000000b64                window_get_root_layer
 .text.window_set_background_color
                0x0000000000000b70        0xc /usr/local/Cellar/pebble-sdk/3.2.1/Pebble/aplite/lib/libpebble.a(tmp5yxpeipebble.o)
                0x0000000000000b70                window_set_background_color
 .text.window_set_window_handlers
                0x0000000000000b7c        0xc /usr/local/Cellar/pebble-sdk/3.2.1/Pebble/aplite/lib/libpebble.a(tmp5yxpeipebble.o)
                0x0000000000000b7c                window_set_window_handlers
 .text.window_stack_push
                0x0000000000000b88        0xc /usr/local/Cellar/pebble-sdk/3.2.1/Pebble/aplite/lib/libpebble.a(tmp5yxpeipebble.o)
                0x0000000000000b88                window_stack_push
 .text.app_message_inbox_size_maximum
                0x0000000000000b94        0xc /usr/local/Cellar/pebble-sdk/3.2.1/Pebble/aplite/lib/libpebble.a(tmp5yxpeipebble.o)
                0x0000000000000b94                app_message_inbox_size_maximum
 .text.app_message_outbox_begin
                0x0000000000000ba0        0xc /usr/local/Cellar/pebble-sdk/3.2.1/Pebble/aplite/lib/libpebble.a(tmp5yxpeipebble.o)
                0x0000000000000ba0                app_message_outbox_begin
 .text.app_message_outbox_send
                0x0000000000000bac        0xc /usr/local/Cellar/pebble-sdk/3.2.1/Pebble/aplite/lib/libpebble.a(tmp5yxpeipebble.o)
                0x0000000000000bac                app_message_outbox_send
 .text.app_message_outbox_size_maximum
                0x0000000000000bb8        0xc /usr/local/Cellar/pebble-sdk/3.2.1/Pebble/aplite/lib/libpebble.a(tmp5yxpeipebble.o)
                0x0000000000000bb8                app_message_outbox_size_maximum
 .text.app_message_register_inbox_dropped
                0x0000000000000bc4        0xc /usr/local/Cellar/pebble-sdk/3.2.1/Pebble/aplite/lib/libpebble.a(tmp5yxpeipebble.o)
                0x0000000000000bc4                app_message_register_inbox_dropped
 .text.app_message_register_inbox_received
                0x0000000000000bd0        0xc /usr/local/Cellar/pebble-sdk/3.2.1/Pebble/aplite/lib/libpebble.a(tmp5yxpeipebble.o)
                0x0000000000000bd0                app_message_register_inbox_received
 .text.app_message_register_outbox_failed
                0x0000000000000bdc        0xc /usr/local/Cellar/pebble-sdk/3.2.1/Pebble/aplite/lib/libpebble.a(tmp5yxpeipebble.o)
                0x0000000000000bdc                app_message_register_outbox_failed
 .text.app_message_register_outbox_sent
                0x0000000000000be8        0xc /usr/local/Cellar/pebble-sdk/3.2.1/Pebble/aplite/lib/libpebble.a(tmp5yxpeipebble.o)
                0x0000000000000be8                app_message_register_outbox_sent
 *(.rodata)
 .rodata        0x0000000000000bf4       0x18 src/pstock_watchface.c.46.o
 *(.rodata*)
 .rodata.str1.1
                0x0000000000000c0c       0x60 src/pstock_watchface.c.46.o
 .rodata.segments.6687
                0x0000000000000c6c        0xc src/pstock_watchface.c.46.o

.glue_7         0x0000000000000c78        0x0
 .glue_7        0x0000000000000000        0x0 linker stubs

.glue_7t        0x0000000000000c78        0x0
 .glue_7t       0x0000000000000000        0x0 linker stubs

.vfp11_veneer   0x0000000000000c78        0x0
 .vfp11_veneer  0x0000000000000000        0x0 linker stubs

.v4_bx          0x0000000000000c78        0x0
 .v4_bx         0x0000000000000000        0x0 linker stubs

.iplt           0x0000000000000c78        0x0
 .iplt          0x0000000000000000        0x0 /usr/local/Cellar/pebble-toolchain/2.0/arm-cs-tools/bin/../lib/gcc/arm-none-eabi/4.7.2/thumb2/crtbegin.o

.rel.dyn        0x0000000000000c78        0x0
 .rel.iplt      0x0000000000000000        0x0 /usr/local/Cellar/pebble-toolchain/2.0/arm-cs-tools/bin/../lib/gcc/arm-none-eabi/4.7.2/thumb2/crtbegin.o

.data           0x0000000000000c78       0x12
 *(.data)
 .data          0x0000000000000c78        0x0 /usr/local/Cellar/pebble-toolchain/2.0/arm-cs-tools/bin/../lib/gcc/arm-none-eabi/4.7.2/thumb2/crti.o
 .data          0x0000000000000c78        0x4 /usr/local/Cellar/pebble-toolchain/2.0/arm-cs-tools/bin/../lib/gcc/arm-none-eabi/4.7.2/thumb2/crtbegin.o
                0x0000000000000c78                __dso_handle
 .data          0x0000000000000c7c        0x8 src/pstock_watchface.c.46.o
 .data          0x0000000000000c84        0x0 aplite/appinfo.auto.c.46.o
 .data          0x0000000000000c84        0x0 /usr/local/Cellar/pebble-sdk/3.2.1/Pebble/aplite/lib/libpebble.a(tmp5yxpeipebble.o)
 .data          0x0000000000000c84        0x0 /usr/local/Cellar/pebble-toolchain/2.0/arm-cs-tools/bin/../lib/gcc/arm-none-eabi/4.7.2/thumb2/crtend.o
 .data          0x0000000000000c84        0x0 /usr/local/Cellar/pebble-toolchain/2.0/arm-cs-tools/bin/../lib/gcc/arm-none-eabi/4.7.2/thumb2/crtn.o
 *(.data.*)
 .data.buffer.6693
                0x0000000000000c84        0x6 src/pstock_watchface.c.46.o

.igot.plt       0x0000000000000c8c        0x0
 .igot.plt      0x0000000000000000        0x0 /usr/local/Cellar/pebble-toolchain/2.0/arm-cs-tools/bin/../lib/gcc/arm-none-eabi/4.7.2/thumb2/crtbegin.o

.bss            0x0000000000000c8c       0x57
 *(.bss)
 *(.bss.*)
 .bss.watchface_time_layer
                0x0000000000000c8c        0x4 src/pstock_watchface.c.46.o
 .bss.watchface_status_layer
                0x0000000000000c90        0x4 src/pstock_watchface.c.46.o
 .bss.identifier_buffer.6712
                0x0000000000000c94       0x20 src/pstock_watchface.c.46.o
 .bss.watchface_window
                0x0000000000000cb4        0x4 src/pstock_watchface.c.46.o
 .bss.watchface_status_layer_buffer.6714
                0x0000000000000cb8       0x20 src/pstock_watchface.c.46.o
 .bss.emoji_bitmap
                0x0000000000000cd8        0x4 src/pstock_watchface.c.46.o
 .bss.emoji_layer
                0x0000000000000cdc        0x4 src/pstock_watchface.c.46.o
 .bss.value_buffer.6713
                0x0000000000000ce0        0x3 src/pstock_watchface.c.46.o

DISCARD
 libc.a(*)
 libm.a(*)
 libgcc.a(*)
 *(.eh_frame)
OUTPUT(/Users/ConstantinaScoullis/Desktop/pstock_watchface/build/aplite/pebble-app.elf elf32-littlearm)

.ARM.attributes
                0x0000000000000000       0x27
 .ARM.attributes
                0x0000000000000000       0x19 /usr/local/Cellar/pebble-toolchain/2.0/arm-cs-tools/bin/../lib/gcc/arm-none-eabi/4.7.2/thumb2/crti.o
 .ARM.attributes
                0x0000000000000019       0x29 /usr/local/Cellar/pebble-toolchain/2.0/arm-cs-tools/bin/../lib/gcc/arm-none-eabi/4.7.2/thumb2/crtbegin.o
 .ARM.attributes
                0x0000000000000042       0x33 src/pstock_watchface.c.46.o
 .ARM.attributes
                0x0000000000000075       0x33 aplite/appinfo.auto.c.46.o
 .ARM.attributes
                0x00000000000000a8       0x21 /usr/local/Cellar/pebble-sdk/3.2.1/Pebble/aplite/lib/libpebble.a(tmp5yxpeipebble.o)
 .ARM.attributes
                0x00000000000000c9       0x29 /usr/local/Cellar/pebble-toolchain/2.0/arm-cs-tools/bin/../lib/gcc/arm-none-eabi/4.7.2/thumb2/crtend.o
 .ARM.attributes
                0x00000000000000f2       0x19 /usr/local/Cellar/pebble-toolchain/2.0/arm-cs-tools/bin/../lib/gcc/arm-none-eabi/4.7.2/thumb2/crtn.o

.comment        0x0000000000000000       0x4e
 .comment       0x0000000000000000       0x4e /usr/local/Cellar/pebble-toolchain/2.0/arm-cs-tools/bin/../lib/gcc/arm-none-eabi/4.7.2/thumb2/crtbegin.o
                                         0x4f (size before relaxing)
 .comment       0x0000000000000000       0x4f src/pstock_watchface.c.46.o
 .comment       0x0000000000000000       0x4f aplite/appinfo.auto.c.46.o
 .comment       0x0000000000000000       0x4f /usr/local/Cellar/pebble-toolchain/2.0/arm-cs-tools/bin/../lib/gcc/arm-none-eabi/4.7.2/thumb2/crtend.o

.debug_info     0x0000000000000000     0x1c1e
 .debug_info    0x0000000000000000     0x189b src/pstock_watchface.c.46.o
 .debug_info    0x000000000000189b      0x383 aplite/appinfo.auto.c.46.o

.debug_abbrev   0x0000000000000000      0x417
 .debug_abbrev  0x0000000000000000      0x379 src/pstock_watchface.c.46.o
 .debug_abbrev  0x0000000000000379       0x9e aplite/appinfo.auto.c.46.o

.debug_loc      0x0000000000000000      0x353
 .debug_loc     0x0000000000000000      0x353 src/pstock_watchface.c.46.o

.debug_aranges  0x0000000000000000       0x78
 .debug_aranges
                0x0000000000000000       0x60 src/pstock_watchface.c.46.o
 .debug_aranges
                0x0000000000000060       0x18 aplite/appinfo.auto.c.46.o

.debug_ranges   0x0000000000000000       0x50
 .debug_ranges  0x0000000000000000       0x50 src/pstock_watchface.c.46.o

.debug_line     0x0000000000000000      0x57d
 .debug_line    0x0000000000000000      0x44e src/pstock_watchface.c.46.o
 .debug_line    0x000000000000044e      0x12f aplite/appinfo.auto.c.46.o

.debug_str      0x0000000000000000      0xdf9
 .debug_str     0x0000000000000000      0xbe6 src/pstock_watchface.c.46.o
                                        0xc9e (size before relaxing)
 .debug_str     0x0000000000000be6      0x213 aplite/appinfo.auto.c.46.o
                                        0x426 (size before relaxing)

.debug_frame    0x0000000000000000      0x11c
 .debug_frame   0x0000000000000000      0x11c src/pstock_watchface.c.46.o
